[
    {
        "Name": "master",
        "Path": "refs/heads/master",
        "Sha": "652a91b83cf37786c64eb286f1efba453a15f34f"
    }
]