{
  "Name": "testing",
  "Sha": "dc238bca5c226bb7a2c7cc5bdbfc9930d6abd8b6"
}
