{
    "Number": 1,
    "Title": "edit README",
    "State": "opened",
    "Body": "edit README\"",
    "Sha": "26a65da1a8979640c67b099a4ed2538b9feddee2",
    "Ref": "refs/merge-requests/1/head",
    "Source": "fix",
    "Target": "master",
    "Link": "https://git.code.tencent.com/xinnjie/testme/merge_requests/1",
    "Closed": true,
    "Merged": false,
    "Mergeable": true,
    "MergeableState": "mergeable",
    "Draft": true,
    "Author": {
        "ID": 13356,
        "Login": "dblessing",
        "Name": "Drew Blessing",
        "Email": "",
        "Avatar": "https://secure.gravatar.com/avatar/b5bf44866b4eeafa2d8114bfe15da02f?s=80\u0026d=identicon"
    },
    "Assignees": [{
        "ID": 12,
        "Login": "axel.block",
        "Name": "Miss Monserrate Beier",
        "Avatar": "http://www.gravatar.com/avatar/46f6f7dc858ada7be1853f7fb96e81da?s=80&d=identicon"
    }],
    "Created": "2015-12-18T18:29:53.563Z",
    "Updated": "2015-12-18T18:30:22.522Z",
    "Fork": "diaspora/diaspora",
    "Head": {
        "Ref": "fix",
        "Sha": "12d65c8dd2b2676fa3ac47d955accc085a37a9c1",
        "Repo": {
            "ID": "32732",
            "Namespace": "diaspora",
            "Name": "diaspora",
            "FullName": "diaspora/diaspora",
            "Perm": {
                "Pull": true,
                "Push": false,
                "Admin": false
            },
            "Branch": "master",
            "Private": false,
            "Clone": "https://gitlab.com/diaspora/diaspora.git",
            "CloneSSH": "git@gitlab.com:diaspora/diaspora.git",
            "Link": "https://gitlab.com/diaspora/diaspora",
            "Created": "0001-01-01T00:00:00Z",
            "Updated": "0001-01-01T00:00:00Z"
        }
    },
    "Base": {
        "Ref": "master",
        "Repo": {
            "ID": "32732",
            "Namespace": "diaspora",
            "Name": "diaspora",
            "FullName": "diaspora/diaspora",
            "Perm": {
                "Pull": true,
                "Push": false,
                "Admin": false
            },
            "Branch": "master",
            "Private": false,
            "Clone": "https://gitlab.com/diaspora/diaspora.git",
            "CloneSSH": "git@gitlab.com:diaspora/diaspora.git",
            "Link": "https://gitlab.com/diaspora/diaspora",
            "Created": "0001-01-01T00:00:00Z",
            "Updated": "0001-01-01T00:00:00Z"
        }
    }
}
