[
    {
        "ID": "32732",
        "Namespace": "diaspora",
        "Name": "diaspora",
        "FullName": "diaspora/diaspora",
        "Perm": {
            "Pull": true,
            "Push": false,
            "Admin": false
        },
        "Branch": "master",
        "Private": false,
        "Clone": "https://gitlab.com/diaspora/diaspora.git",
        "CloneSSH": "git@gitlab.com:diaspora/diaspora.git",
        "Link": "https://gitlab.com/diaspora/diaspora",
        "Created": "0001-01-01T00:00:00Z",
        "Updated": "0001-01-01T00:00:00Z"
    }
]
