{
    "Name": "v0.0.1",
    "Path": "refs/tags/v0.0.1",
    "Sha": "652a91b83cf37786c64eb286f1efba453a15f34f"
}