{
  "ID": 176405,
  "Login": "xinnjie",
  "Name": "xinnjie",
  "Avatar": "https://git.code.tencent.com/uploads/user/avatar/176405/7e72ab97e19e430287c34c54af3bf7e1.",
  "Link": "https://git.code.tencent.com/u/xinnjie"
}