{
  "Action": "created",
  "Repo": {
    "ID": "4861503",
    "Namespace": "gitlab-org",
    "Name": "hello-world",
    "FullName": "gitlab-org/hello-world",
    "Perm": null,
    "Branch": "master",
    "Private": false,
    "Clone": "https://gitlab.com/gitlab-org/hello-world.git",
    "CloneSSH": "git@gitlab.com:gitlab-org/hello-world.git",
    "Link": "https://gitlab.com/gitlab-org/hello-world",
    "Created": "0001-01-01T00:00:00Z",
    "Updated": "0001-01-01T00:00:00Z"
  },
  "Issue": {
    "Number": 1,
    "Title": "found a bug",
    "Body": "website is broken",
    "Closed": false,
    "Author": {
      "ID": 51764,
      "Login": "sytses",
      "Name": "Sid Sijbrandij",
      "Email": "",
      "Avatar": "https://secure.gravatar.com/avatar/8c58a0be77ee441bb8f8595b7f1b4e87?s=80&d=identicon"
    },
    "PullRequest": false,
    "Created": "2017-12-10T16:43:38Z",
    "Updated": "2017-12-10T16:43:38Z"
  },
  "Comment": {
    "ID": 50771783,
    "Author": {
      "ID": 51764,
      "Login": "sytses",
      "Name": "Sid Sijbrandij",
      "Email": "",
      "Avatar": "https://secure.gravatar.com/avatar/8c58a0be77ee441bb8f8595b7f1b4e87?s=80&d=identicon"
    },
    "Body": "bump",
    "Created": "2017-12-10T16:43:38Z",
    "Updated": "2017-12-10T16:43:38Z"
  },
  "Sender": {
    "ID": 51764,
    "Login": "sytses",
    "Name": "Sid Sijbrandij",
    "Email": "",
    "Avatar": "https://secure.gravatar.com/avatar/8c58a0be77ee441bb8f8595b7f1b4e87?s=80&d=identicon"
  }
}
