{
  "Action": "created",
  "Repo": {
    "ID": "4861503",
    "Namespace": "gitlab-org",
    "Name": "hello-world",
    "FullName": "gitlab-org/hello-world",
    "Perm": null,
    "Branch": "master",
    "Private": false,
    "Clone": "https://gitlab.com/gitlab-org/hello-world.git",
    "CloneSSH": "git@gitlab.com:gitlab-org/hello-world.git",
    "Link": "https://gitlab.com/gitlab-org/hello-world",
    "Created": "0001-01-01T00:00:00Z",
    "Updated": "0001-01-01T00:00:00Z"
  },
  "PullRequest": {
    "Number": 1,
    "Title": "Update readme",
    "Body": "adding build instructions to readme",
    "State": "open",
    "Sha": "c4c79227ed610f1151f05bbc5be33b4f340d39c8",
    "Ref": "refs/merge-requests/1/head",
    "Source": "feature",
    "Target": "master",
    "Base": {
      "Ref": "master",
      "Repo": {
        "ID": "4861503",
        "Namespace": "gitlab-org",
        "Name": "hello-world",
        "FullName": "gitlab-org/hello-world",
        "Branch": "master",
        "Private": false,
        "Clone": "https://gitlab.com/gitlab-org/hello-world.git",
        "CloneSSH": "git@gitlab.com:gitlab-org/hello-world.git",
        "Link": "https://gitlab.com/gitlab-org/hello-world"
      }
    },
    "Head": {
      "Ref": "feature",
      "Sha": "c4c79227ed610f1151f05bbc5be33b4f340d39c8",
      "Repo": {
        "ID": "4861503",
        "Namespace": "gitlab-org",
        "Name": "hello-world",
        "FullName": "gitlab-org/hello-world",
        "Branch": "master",
        "Private": false,
        "Clone": "https://gitlab.com/gitlab-org/hello-world.git",
        "CloneSSH": "git@gitlab.com:gitlab-org/hello-world.git",
        "Link": "https://gitlab.com/gitlab-org/hello-world"
      }
    },
    "Fork": "gitlab-org/hello-world",
    "Link": "https://gitlab.com/gitlab-org/hello-world/merge_requests/1",
    "Closed": false,
    "Merged": false,
    "Author": {
      "ID": 51764,
      "Login": "sytses",
      "Name": "Sid Sijbrandij",
      "Email": "",
      "Avatar": "https://secure.gravatar.com/avatar/8c58a0be77ee441bb8f8595b7f1b4e87?s=80&d=identicon"
    },
    "Created": "2017-12-10T17:01:11Z",
    "Updated": "2017-12-10T17:05:14Z"
  },
  "Comment": {
    "ID": 50772616,
    "Author": {
      "ID": 51764,
      "Login": "sytses",
      "Name": "Sid Sijbrandij",
      "Email": "",
      "Avatar": "https://secure.gravatar.com/avatar/8c58a0be77ee441bb8f8595b7f1b4e87?s=80&d=identicon"
    },
    "Body": "lgtm",
    "Created": "2017-12-10T17:05:14Z",
    "Updated": "2017-12-10T17:05:14Z"
  },
  "Sender": {
    "ID": 51764,
    "Login": "sytses",
    "Name": "Sid Sijbrandij",
    "Email": "",
    "Avatar": "https://secure.gravatar.com/avatar/8c58a0be77ee441bb8f8595b7f1b4e87?s=80&d=identicon"
  }
}
